C:/Users/giorg/Desktop/opt_micro_tflite/tflite/tensorflow/lite/micro/micro_interpreter_graph.h:94:27:virtual tflite::MicroResourceVariables* tflite::MicroInterpreterGraph::GetResourceVariables()	0	static
../tflite/tensorflow/lite/micro/micro_interpreter_graph.cc:56:1:virtual tflite::MicroInterpreterGraph::~MicroInterpreterGraph()	0	static
../tflite/tensorflow/lite/micro/micro_interpreter_graph.cc:260:5:virtual int tflite::MicroInterpreterGraph::NumSubgraphs()	0	static
../tflite/tensorflow/lite/micro/micro_interpreter_graph.cc:58:14:virtual TfLiteStatus tflite::MicroInterpreterGraph::InitSubgraphs()	40	static
../tflite/tensorflow/lite/micro/micro_interpreter_graph.cc:120:14:virtual TfLiteStatus tflite::MicroInterpreterGraph::ResetSubgraphs()	32	static
../tflite/tensorflow/lite/micro/micro_interpreter_graph.cc:145:14:virtual TfLiteStatus tflite::MicroInterpreterGraph::FreeSubgraphs()	32	static
../tflite/tensorflow/lite/micro/micro_interpreter_graph.cc:91:14:virtual TfLiteStatus tflite::MicroInterpreterGraph::PrepareSubgraphs()	32	static
../tflite/tensorflow/lite/micro/micro_interpreter_graph.cc:170:14:virtual TfLiteStatus tflite::MicroInterpreterGraph::InvokeSubgraph(int)	136	static
../tflite/tensorflow/lite/micro/micro_interpreter_graph.cc:273:19:virtual TfLiteEvalTensor* tflite::MicroInterpreterGraph::GetSubgraphInput(int, int)	16	static
../tflite/tensorflow/lite/micro/micro_interpreter_graph.cc:233:14:virtual TfLiteStatus tflite::MicroInterpreterGraph::ResetVariableTensors()	56	static
../tflite/tensorflow/lite/micro/micro_interpreter_graph.cc:269:8:virtual size_t tflite::MicroInterpreterGraph::NumSubgraphInputs(int)	8	static
../tflite/tensorflow/lite/micro/micro_interpreter_graph.cc:280:8:virtual size_t tflite::MicroInterpreterGraph::NumSubgraphOutputs(int)	8	static
../tflite/tensorflow/lite/micro/micro_interpreter_graph.cc:284:19:virtual TfLiteEvalTensor* tflite::MicroInterpreterGraph::GetSubgraphOutput(int, int)	16	static
../tflite/tensorflow/lite/micro/micro_interpreter_graph.cc:43:1:tflite::MicroInterpreterGraph::MicroInterpreterGraph(TfLiteContext*, const tflite::Model*, tflite::MicroAllocator*, tflite::MicroResourceVariables*)	4	static
../tflite/tensorflow/lite/micro/micro_interpreter_graph.cc:264:6:void tflite::MicroInterpreterGraph::SetSubgraphAllocations(tflite::SubgraphAllocations*)	0	static
