../tflite/tensorflow/lite/micro/test_helpers.cc:56:8:virtual void tflite::testing::{anonymous}::StackAllocator::deallocate(uint8_t*, size_t)	0	static
../tflite/tensorflow/lite/micro/test_helpers.cc:1445:7:static void* tflite::testing::SimpleStatefulOp::Init(TfLiteContext*, const char*, size_t)	8	static
../tflite/tensorflow/lite/micro/test_helpers.cc:1542:6:static void tflite::testing::MockCustom::Free(TfLiteContext*, void*)	0	static
../tflite/tensorflow/lite/micro/test_helpers.cc:1544:14:static TfLiteStatus tflite::testing::MockCustom::Prepare(TfLiteContext*, TfLiteNode*)	0	static
../tflite/tensorflow/lite/micro/test_helpers.cc:1590:6:static void tflite::testing::MultipleInputs::Free(TfLiteContext*, void*)	0	static
../tflite/tensorflow/lite/micro/test_helpers.cc:1644:6:static void tflite::testing::NoOp::Free(TfLiteContext*, void*)	0	static
C:/Users/giorg/Desktop/opt_micro_tflite/tflite/tensorflow/lite/micro/micro_mutable_op_resolver.h:51:27:const TFLMRegistration* tflite::MicroMutableOpResolver<tOpCount>::FindOp(tflite::BuiltinOperator) const [with unsigned int tOpCount = 10]	0	static
../tflite/tensorflow/lite/micro/test_helpers.cc:42:7:virtual tflite::testing::{anonymous}::StackAllocator::~StackAllocator()	0	static
../tflite/tensorflow/lite/micro/test_helpers.cc:1532:7:static void* tflite::testing::MockCustom::Init(TfLiteContext*, const char*, size_t)	8	static
../tflite/tensorflow/lite/micro/test_helpers.cc:1580:7:static void* tflite::testing::MultipleInputs::Init(TfLiteContext*, const char*, size_t)	8	static
../tflite/tensorflow/lite/micro/test_helpers.cc:1635:7:static void* tflite::testing::NoOp::Init(TfLiteContext*, const char*, size_t)	8	static
../tflite/tensorflow/lite/micro/test_helpers.cc:48:12:virtual uint8_t* tflite::testing::{anonymous}::StackAllocator::allocate(size_t)	8	static
../tflite/tensorflow/lite/micro/test_helpers.cc:1548:14:static TfLiteStatus tflite::testing::MockCustom::Invoke(TfLiteContext*, TfLiteNode*)	24	static
../tflite/tensorflow/lite/micro/test_helpers.cc:1598:14:static TfLiteStatus tflite::testing::MultipleInputs::Invoke(TfLiteContext*, TfLiteNode*)	32	static
C:/Users/giorg/Desktop/opt_micro_tflite/tflite/tensorflow/lite/micro/micro_mutable_op_resolver.h:63:27:const TFLMRegistration* tflite::MicroMutableOpResolver<tOpCount>::FindOp(const char*) const [with unsigned int tOpCount = 10]	16	static
C:/Users/giorg/Desktop/opt_micro_tflite/tflite/third_party/flatbuffers/include/flatbuffers/allocator.h:41:20:virtual uint8_t* flatbuffers::Allocator::reallocate_downward(uint8_t*, size_t, size_t, size_t, size_t)	32	static
../tflite/tensorflow/lite/micro/test_helpers.cc:1646:14:static TfLiteStatus tflite::testing::NoOp::Prepare(TfLiteContext*, TfLiteNode*)	0	static
../tflite/tensorflow/lite/micro/test_helpers.cc:75:33:flatbuffers::FlatBufferBuilder* tflite::testing::{anonymous}::BuilderInstance()	24	static
C:/Users/giorg/Desktop/opt_micro_tflite/tflite/third_party/flatbuffers/include/flatbuffers/flatbuffer_builder.h:397:8:void flatbuffers::FlatBufferBuilderImpl<Is64Aware>::NotNested() [with bool Is64Aware = false]	8	static
../tflite/tensorflow/lite/micro/test_helpers.cc:1650:14:static TfLiteStatus tflite::testing::NoOp::Invoke(TfLiteContext*, TfLiteNode*)	0	static
../tflite/tensorflow/lite/micro/test_helpers.cc:1594:14:static TfLiteStatus tflite::testing::MultipleInputs::Prepare(TfLiteContext*, TfLiteNode*)	0	static
../tflite/tensorflow/lite/micro/test_helpers.cc:1479:14:static TfLiteStatus tflite::testing::SimpleStatefulOp::Invoke(TfLiteContext*, TfLiteNode*)	64	static
../tflite/tensorflow/lite/micro/test_helpers.cc:1453:14:static TfLiteStatus tflite::testing::SimpleStatefulOp::Prepare(TfLiteContext*, TfLiteNode*)	72	static
C:/Users/giorg/Desktop/opt_micro_tflite/tflite/third_party/flatbuffers/include/flatbuffers/vector_downward.h:141:10:size_t flatbuffers::vector_downward<SizeT>::ensure_space(size_t) [with SizeT = long unsigned int]	48	static
C:/Users/giorg/Desktop/opt_micro_tflite/tflite/third_party/flatbuffers/include/flatbuffers/vector_downward.h:195:8:void flatbuffers::vector_downward<SizeT>::push(const uint8_t*, size_t) [with SizeT = long unsigned int]	16	static
C:/Users/giorg/Desktop/opt_micro_tflite/tflite/third_party/flatbuffers/include/flatbuffers/flatbuffer_builder.h:337:29:void flatbuffers::FlatBufferBuilderImpl<Is64Aware>::AddElement(flatbuffers::voffset_t, T, T) [with T = long int; bool Is64Aware = false]	24	static
C:/Users/giorg/Desktop/opt_micro_tflite/tflite/third_party/flatbuffers/include/flatbuffers/flatbuffer_builder.h:337:29:void flatbuffers::FlatBufferBuilderImpl<Is64Aware>::AddElement(flatbuffers::voffset_t, T, T) [with T = long unsigned int; bool Is64Aware = false]	24	static
C:/Users/giorg/Desktop/opt_micro_tflite/tflite/third_party/flatbuffers/include/flatbuffers/flatbuffer_builder.h:681:8:void flatbuffers::FlatBufferBuilderImpl<Is64Aware>::StartVector(size_t, size_t, size_t) [with OffsetT = flatbuffers::Offset; LenT = long unsigned int; bool Is64Aware = false]	16	static
C:/Users/giorg/Desktop/opt_micro_tflite/tflite/third_party/flatbuffers/include/flatbuffers/flatbuffer_builder.h:727:23:OffsetT<VectorT<T> > flatbuffers::FlatBufferBuilderImpl<Is64Aware>::CreateVector(const T*, size_t) [with T = long int; OffsetT = flatbuffers::Offset; VectorT = flatbuffers::Vector; bool Is64Aware = false]	16	static
C:/Users/giorg/Desktop/opt_micro_tflite/tflite/third_party/flatbuffers/include/flatbuffers/flatbuffer_builder.h:775:29:flatbuffers::Offset<flatbuffers::Vector<flatbuffers::Offset<T> > > flatbuffers::FlatBufferBuilderImpl<Is64Aware>::CreateVector(const flatbuffers::Offset<T>*, size_t) [with T = tflite::Buffer; bool Is64Aware = false]	16	static
C:/Users/giorg/Desktop/opt_micro_tflite/tflite/third_party/flatbuffers/include/flatbuffers/flatbuffer_builder.h:775:29:flatbuffers::Offset<flatbuffers::Vector<flatbuffers::Offset<T> > > flatbuffers::FlatBufferBuilderImpl<Is64Aware>::CreateVector(const flatbuffers::Offset<T>*, size_t) [with T = tflite::SubGraph; bool Is64Aware = false]	16	static
C:/Users/giorg/Desktop/opt_micro_tflite/tflite/third_party/flatbuffers/include/flatbuffers/flatbuffer_builder.h:775:29:flatbuffers::Offset<flatbuffers::Vector<flatbuffers::Offset<T> > > flatbuffers::FlatBufferBuilderImpl<Is64Aware>::CreateVector(const flatbuffers::Offset<T>*, size_t) [with T = tflite::OperatorCode; bool Is64Aware = false]	16	static
C:/Users/giorg/Desktop/opt_micro_tflite/tflite/third_party/flatbuffers/include/flatbuffers/flatbuffer_builder.h:775:29:flatbuffers::Offset<flatbuffers::Vector<flatbuffers::Offset<T> > > flatbuffers::FlatBufferBuilderImpl<Is64Aware>::CreateVector(const flatbuffers::Offset<T>*, size_t) [with T = tflite::Operator; bool Is64Aware = false]	56	static
../tflite/tensorflow/lite/micro/test_helpers.cc:1433:25:static const TFLMRegistration* tflite::testing::SimpleStatefulOp::getRegistration()	0	static
../tflite/tensorflow/lite/micro/test_helpers.cc:1437:19:static TFLMRegistration* tflite::testing::SimpleStatefulOp::GetMutableRegistration()	0	static
../tflite/tensorflow/lite/micro/test_helpers.cc:1519:25:static const TFLMRegistration* tflite::testing::MockCustom::getRegistration()	4	static
../tflite/tensorflow/lite/micro/test_helpers.cc:1523:19:static TFLMRegistration* tflite::testing::MockCustom::GetMutableRegistration()	4	static
../tflite/tensorflow/lite/micro/test_helpers.cc:1567:25:static const TFLMRegistration* tflite::testing::MultipleInputs::getRegistration()	4	static
../tflite/tensorflow/lite/micro/test_helpers.cc:1571:19:static TFLMRegistration* tflite::testing::MultipleInputs::GetMutableRegistration()	4	static
../tflite/tensorflow/lite/micro/test_helpers.cc:1622:25:static const TFLMRegistration* tflite::testing::NoOp::getRegistration()	4	static
../tflite/tensorflow/lite/micro/test_helpers.cc:1626:19:static TFLMRegistration* tflite::testing::NoOp::GetMutableRegistration()	4	static
../tflite/tensorflow/lite/micro/test_helpers.cc:1865:5:int tflite::testing::TestStrcmp(const char*, const char*)	0	static
../tflite/tensorflow/lite/micro/test_helpers.cc:1879:17:TfLiteIntArray* tflite::testing::IntArrayFromInts(const int*)	0	static
../tflite/tensorflow/lite/micro/test_helpers.cc:1885:19:TfLiteFloatArray* tflite::testing::FloatArrayFromFloats(const float*)	0	static
../tflite/tensorflow/lite/micro/test_helpers.cc:1893:14:TfLiteTensor tflite::testing::CreateQuantizedBiasTensor(const float*, int16_t*, TfLiteIntArray*, float, float, bool)	56	static
../tflite/tensorflow/lite/micro/test_helpers.cc:1907:14:TfLiteTensor tflite::testing::CreateQuantizedBiasTensor(const float*, int32_t*, TfLiteIntArray*, float, float, bool)	56	static
../tflite/tensorflow/lite/micro/test_helpers.cc:1921:14:TfLiteTensor tflite::testing::CreateQuantizedBiasTensor(const float*, int64_t*, TfLiteIntArray*, float, float, bool)	48	static
../tflite/tensorflow/lite/micro/test_helpers.cc:1967:14:TfLiteTensor tflite::testing::CreatePerChannelQuantizedBiasTensor(const float*, int32_t*, TfLiteIntArray*, float, float*, float*, int*, TfLiteAffineQuantization*, int, bool)	88	static
../tflite/tensorflow/lite/micro/test_helpers.cc:1977:14:TfLiteTensor tflite::testing::CreatePerChannelQuantizedBiasTensor(const float*, int64_t*, TfLiteIntArray*, float, float*, float*, int*, TfLiteAffineQuantization*, int, bool)	72	static
../tflite/tensorflow/lite/micro/test_helpers.cc:2012:8:size_t tflite::testing::GetModelTensorCount(const tflite::Model*)	8	static
../tflite/tensorflow/lite/micro/test_helpers.cc:2020:6:void tflite::testing::PackInt4ValuesDenselyInPlace(uint8_t*, int)	8	static
../tflite/tensorflow/lite/micro/test_helpers.cc:1987:14:TfLiteTensor tflite::testing::CreateSymmetricPerChannelQuantizedTensor(const float*, int8_t*, TfLiteIntArray*, float*, int*, TfLiteAffineQuantization*, int, bool, TfLiteType)	56	static
C:/Users/giorg/Desktop/opt_micro_tflite/tflite/third_party/flatbuffers/include/flatbuffers/flatbuffer_builder.h:422:13:flatbuffers::uoffset_t flatbuffers::FlatBufferBuilderImpl<Is64Aware>::EndTable(flatbuffers::uoffset_t) [with bool Is64Aware = false]	48	static
C:/Users/giorg/Desktop/opt_micro_tflite/tflite/third_party/flatbuffers/include/flatbuffers/flatbuffer_builder.h:549:19:OffsetT<flatbuffers::String> flatbuffers::FlatBufferBuilderImpl<Is64Aware>::CreateString(const char*) [with OffsetT = flatbuffers::Offset; bool Is64Aware = false]	24	static
C:/Users/giorg/Desktop/opt_micro_tflite/tflite/third_party/flatbuffers/include/flatbuffers/flatbuffer_builder.h:206:12:uint8_t* flatbuffers::FlatBufferBuilderImpl<Is64Aware>::GetBufferPointer() const [with bool Is64Aware = false]	8	static
C:/Users/giorg/Desktop/opt_micro_tflite/tflite/tensorflow/lite/micro/micro_mutable_op_resolver.h:89:16:TfLiteStatus tflite::MicroMutableOpResolver<tOpCount>::AddCustom(const char*, const TFLMRegistration*) [with unsigned int tOpCount = 10]	24	static
../tflite/tensorflow/lite/micro/test_helpers.cc:1656:14:TfLiteStatus tflite::testing::GetTestingOpResolver(tflite::testing::TestingOpResolver&)	72	static
C:/Users/giorg/Desktop/opt_micro_tflite/tflite/third_party/flatbuffers/include/flatbuffers/flatbuffer_builder.h:371:13:flatbuffers::uoffset_t flatbuffers::FlatBufferBuilderImpl<Is64Aware>::ReferTo(flatbuffers::uoffset_t) [with bool Is64Aware = false]	16	static
C:/Users/giorg/Desktop/opt_micro_tflite/tflite/third_party/flatbuffers/include/flatbuffers/flatbuffer_builder.h:1246:8:void flatbuffers::FlatBufferBuilderImpl<Is64Aware>::Finish(flatbuffers::uoffset_t, const char*, bool) [with bool Is64Aware = false]	16	static
C:/Users/giorg/Desktop/opt_micro_tflite/tflite/tensorflow/lite/schema/schema_generated.h:16037:38:flatbuffers::Offset<tflite::Buffer> tflite::CreateBuffer(flatbuffers::FlatBufferBuilder&, flatbuffers::Offset<flatbuffers::Vector<unsigned char> >, uint64_t, uint64_t)	24	static
../tflite/tensorflow/lite/micro/test_helpers.cc:1848:1:const flatbuffers::Vector<flatbuffers::Offset<tflite::Buffer> >* tflite::testing::CreateFlatbufferBuffers()	32	static
C:/Users/giorg/Desktop/opt_micro_tflite/tflite/tensorflow/lite/schema/schema_generated.h:14567:44:flatbuffers::Offset<tflite::OperatorCode> tflite::CreateOperatorCode(flatbuffers::FlatBufferBuilder&, int8_t, flatbuffers::Offset<flatbuffers::String>, int32_t, tflite::BuiltinOperator)	24	static
../tflite/tensorflow/lite/micro/test_helpers.cc:156:24:tflite::testing::{anonymous}::ModelBuilder::Operator tflite::testing::{anonymous}::ModelBuilder::RegisterOp(tflite::BuiltinOperator, const char*)	32	static
C:/Users/giorg/Desktop/opt_micro_tflite/tflite/tensorflow/lite/schema/schema_generated.h:15937:40:flatbuffers::Offset<tflite::SubGraph> tflite::CreateSubGraph(flatbuffers::FlatBufferBuilder&, flatbuffers::Offset<flatbuffers::Vector<flatbuffers::Offset<tflite::Tensor> > >, flatbuffers::Offset<flatbuffers::Vector<long int> >, flatbuffers::Offset<flatbuffers::Vector<long int> >, flatbuffers::Offset<flatbuffers::Vector<flatbuffers::Offset<tflite::Operator> > >, flatbuffers::Offset<flatbuffers::String>)	32	static
C:/Users/giorg/Desktop/opt_micro_tflite/tflite/tensorflow/lite/schema/schema_generated.h:16447:37:flatbuffers::Offset<tflite::Model> tflite::CreateModel(flatbuffers::FlatBufferBuilder&, uint32_t, flatbuffers::Offset<flatbuffers::Vector<flatbuffers::Offset<tflite::OperatorCode> > >, flatbuffers::Offset<flatbuffers::Vector<flatbuffers::Offset<tflite::SubGraph> > >, flatbuffers::Offset<flatbuffers::String>, flatbuffers::Offset<flatbuffers::Vector<flatbuffers::Offset<tflite::Buffer> > >, flatbuffers::Offset<flatbuffers::Vector<long int> >, flatbuffers::Offset<flatbuffers::Vector<flatbuffers::Offset<tflite::Metadata> > >, flatbuffers::Offset<flatbuffers::Vector<flatbuffers::Offset<tflite::SignatureDef> > >)	40	static
C:/Users/giorg/Desktop/opt_micro_tflite/tflite/tensorflow/lite/schema/schema_generated.h:5872:38:flatbuffers::Offset<tflite::Tensor> tflite::CreateTensor(flatbuffers::FlatBufferBuilder&, flatbuffers::Offset<flatbuffers::Vector<long int> >, tflite::TensorType, uint32_t, flatbuffers::Offset<flatbuffers::String>, flatbuffers::Offset<tflite::QuantizationParameters>, bool, flatbuffers::Offset<tflite::SparsityParameters>, flatbuffers::Offset<flatbuffers::Vector<long int> >, bool, flatbuffers::Offset<flatbuffers::Vector<flatbuffers::Offset<tflite::VariantSubType> > >)	40	static
../tflite/tensorflow/lite/micro/test_helpers.cc:1783:15:const tflite::Tensor* tflite::testing::Create1dFlatbufferTensor(int, bool)	56	static
C:/Users/giorg/Desktop/opt_micro_tflite/tflite/tensorflow/lite/schema/schema_generated.h:5872:38:flatbuffers::Offset<tflite::Tensor> tflite::CreateTensor(flatbuffers::FlatBufferBuilder&, flatbuffers::Offset<flatbuffers::Vector<long int> >, tflite::TensorType, uint32_t, flatbuffers::Offset<flatbuffers::String>, flatbuffers::Offset<tflite::QuantizationParameters>, bool, flatbuffers::Offset<tflite::SparsityParameters>, flatbuffers::Offset<flatbuffers::Vector<long int> >, bool, flatbuffers::Offset<flatbuffers::Vector<flatbuffers::Offset<tflite::VariantSubType> > >)	32	static
C:/Users/giorg/Desktop/opt_micro_tflite/tflite/tensorflow/lite/schema/schema_generated.h:5872:38:flatbuffers::Offset<tflite::Tensor> tflite::CreateTensor(flatbuffers::FlatBufferBuilder&, flatbuffers::Offset<flatbuffers::Vector<long int> >, tflite::TensorType, uint32_t, flatbuffers::Offset<flatbuffers::String>, flatbuffers::Offset<tflite::QuantizationParameters>, bool, flatbuffers::Offset<tflite::SparsityParameters>, flatbuffers::Offset<flatbuffers::Vector<long int> >, bool, flatbuffers::Offset<flatbuffers::Vector<flatbuffers::Offset<tflite::VariantSubType> > >)	40	static
C:/Users/giorg/Desktop/opt_micro_tflite/tflite/tensorflow/lite/schema/schema_generated.h:15777:40:flatbuffers::Offset<tflite::Operator> tflite::CreateOperator(flatbuffers::FlatBufferBuilder&, uint32_t, flatbuffers::Offset<flatbuffers::Vector<long int> >, flatbuffers::Offset<flatbuffers::Vector<long int> >, tflite::BuiltinOptions, flatbuffers::Offset<>, flatbuffers::Offset<flatbuffers::Vector<unsigned char> >, tflite::CustomOptionsFormat, flatbuffers::Offset<flatbuffers::Vector<unsigned char> >, flatbuffers::Offset<flatbuffers::Vector<long int> >, uint64_t, uint64_t, tflite::BuiltinOptions2, flatbuffers::Offset<>)	40	static
../tflite/tensorflow/lite/micro/test_helpers.cc:1829:15:const tflite::Tensor* tflite::testing::CreateMissingQuantizationFlatbufferTensor(int)	56	static
C:/Users/giorg/Desktop/opt_micro_tflite/tflite/third_party/flatbuffers/include/flatbuffers/flatbuffer_builder.h:314:11:ReturnT flatbuffers::FlatBufferBuilderImpl<Is64Aware>::PushElement(T) [with T = long unsigned int; ReturnT = long unsigned int; bool Is64Aware = false]	16	static
C:/Users/giorg/Desktop/opt_micro_tflite/tflite/third_party/flatbuffers/include/flatbuffers/flatbuffer_builder.h:674:11:ReturnT flatbuffers::FlatBufferBuilderImpl<Is64Aware>::EndVector(size_t) [with LenT = long unsigned int; ReturnT = long unsigned int; bool Is64Aware = false]	16	static
C:/Users/giorg/Desktop/opt_micro_tflite/tflite/third_party/flatbuffers/include/flatbuffers/flatbuffer_builder.h:727:23:OffsetT<VectorT<T> > flatbuffers::FlatBufferBuilderImpl<Is64Aware>::CreateVector(const T*, size_t) [with T = long int; OffsetT = flatbuffers::Offset; VectorT = flatbuffers::Vector; bool Is64Aware = false]	24	static
../tflite/tensorflow/lite/micro/test_helpers.cc:1798:15:const tflite::Tensor* tflite::testing::CreateQuantizedFlatbufferTensor(int)	88	static
C:/Users/giorg/Desktop/opt_micro_tflite/tflite/third_party/flatbuffers/include/flatbuffers/flatbuffer_builder.h:775:29:flatbuffers::Offset<flatbuffers::Vector<flatbuffers::Offset<T> > > flatbuffers::FlatBufferBuilderImpl<Is64Aware>::CreateVector(const flatbuffers::Offset<T>*, size_t) [with T = tflite::Tensor; bool Is64Aware = false]	64	static
C:/Users/giorg/Desktop/opt_micro_tflite/tflite/third_party/flatbuffers/include/flatbuffers/flatbuffer_builder.h:775:29:flatbuffers::Offset<flatbuffers::Vector<flatbuffers::Offset<T> > > flatbuffers::FlatBufferBuilderImpl<Is64Aware>::CreateVector(const flatbuffers::Offset<T>*, size_t) [with T = tflite::Tensor; bool Is64Aware = false]	64	static
C:/Users/giorg/Desktop/opt_micro_tflite/tflite/third_party/flatbuffers/include/flatbuffers/flatbuffer_builder.h:775:29:flatbuffers::Offset<flatbuffers::Vector<flatbuffers::Offset<T> > > flatbuffers::FlatBufferBuilderImpl<Is64Aware>::CreateVector(const flatbuffers::Offset<T>*, size_t) [with T = tflite::SubGraph; bool Is64Aware = false]	64	static
C:/Users/giorg/Desktop/opt_micro_tflite/tflite/third_party/flatbuffers/include/flatbuffers/flatbuffer_builder.h:727:23:OffsetT<VectorT<T> > flatbuffers::FlatBufferBuilderImpl<Is64Aware>::CreateVector(const T*, size_t) [with T = long int; OffsetT = flatbuffers::Offset; VectorT = flatbuffers::Vector; bool Is64Aware = false]	16	static
../tflite/tensorflow/lite/micro/test_helpers.cc:1672:14:const tflite::Model* tflite::testing::GetModelWithUnusedInputs()	128	static
C:/Users/giorg/Desktop/opt_micro_tflite/tflite/third_party/flatbuffers/include/flatbuffers/flatbuffer_builder.h:727:23:OffsetT<VectorT<T> > flatbuffers::FlatBufferBuilderImpl<Is64Aware>::CreateVector(const T*, size_t) [with T = long int; OffsetT = flatbuffers::Offset; VectorT = flatbuffers::Vector; bool Is64Aware = false]	16	static
../tflite/tensorflow/lite/micro/test_helpers.cc:1749:14:const tflite::Model* tflite::testing::GetComplexMockModel()	208	static
../tflite/tensorflow/lite/micro/test_helpers.cc:1709:14:const tflite::Model* tflite::testing::GetSimpleModelWithSubgraphsAndIf()	216	static
../tflite/tensorflow/lite/micro/test_helpers.cc:1733:14:const tflite::Model* tflite::testing::GetModelWithIfAndSubgraphInputTensorOverlap()	240	static
../tflite/tensorflow/lite/micro/test_helpers.cc:1741:14:const tflite::Model* tflite::testing::GetSimpleModelWithNullInputsAndOutputs()	104	static
../tflite/tensorflow/lite/micro/test_helpers.cc:1693:14:const tflite::Model* tflite::testing::GetSimpleMockModel()	160	static
../tflite/tensorflow/lite/micro/test_helpers.cc:197:14:const tflite::Model* tflite::testing::{anonymous}::ModelBuilder::BuildModel(std::initializer_list<long int>, std::initializer_list<long int>, size_t)	152	static
../tflite/tensorflow/lite/micro/test_helpers.cc:258:22:tflite::testing::{anonymous}::ModelBuilder::Tensor tflite::testing::{anonymous}::ModelBuilder::AddTensorImpl(tflite::TensorType, bool, std::initializer_list<long int>)	48	static
../tflite/tensorflow/lite/micro/test_helpers.cc:258:22:tflite::testing::{anonymous}::ModelBuilder::Tensor tflite::testing::{anonymous}::ModelBuilder::AddTensorImpl(tflite::TensorType, bool, std::initializer_list<long int>)	72	static
../tflite/tensorflow/lite/micro/test_helpers.cc:1717:14:const tflite::Model* tflite::testing::GetSimpleModelWithIfAndEmptySubgraph()	208	static
../tflite/tensorflow/lite/micro/test_helpers.cc:1725:14:const tflite::Model* tflite::testing::GetSimpleModelWithSubgraphsAndWhile()	200	static
../tflite/tensorflow/lite/micro/test_helpers.cc:1680:14:const tflite::Model* tflite::testing::GetModelWithUnusedOperatorOutputs()	120	static
../tflite/tensorflow/lite/micro/test_helpers.cc:165:20:tflite::testing::{anonymous}::ModelBuilder::Node tflite::testing::{anonymous}::ModelBuilder::AddNode(tflite::testing::{anonymous}::ModelBuilder::Operator, std::initializer_list<long int>, std::initializer_list<long int>, std::initializer_list<long int>)	80	static
../tflite/tensorflow/lite/micro/test_helpers.cc:332:14:const tflite::Model* tflite::testing::{anonymous}::BuildModelWithOfflinePlanning(int, const int32_t*, tflite::testing::NodeConnection*, int, int)	624	static
../tflite/tensorflow/lite/micro/test_helpers.cc:1765:14:const tflite::Model* tflite::testing::GetModelWithOfflinePlanning(int, const int32_t*, tflite::testing::NodeConnection*, int, int)	0	static
../tflite/tensorflow/lite/micro/test_helpers.cc:270:14:const tflite::Model* tflite::testing::{anonymous}::BuildSimpleStatefulModel()	656	static
../tflite/tensorflow/lite/micro/test_helpers.cc:1775:14:const tflite::Model* tflite::testing::GetSimpleStatefulModel()	8	static
../tflite/tensorflow/lite/micro/test_helpers.cc:292:14:const tflite::Model* tflite::testing::{anonymous}::BuildSimpleModelWithBranch()	688	static
../tflite/tensorflow/lite/micro/test_helpers.cc:1757:14:const tflite::Model* tflite::testing::GetSimpleModelWithBranch()	8	static
../tflite/tensorflow/lite/micro/test_helpers.cc:484:14:const tflite::Model* tflite::testing::{anonymous}::BuildModelWith256x256Tensor()	664	static
../tflite/tensorflow/lite/micro/test_helpers.cc:1688:14:const tflite::Model* tflite::testing::GetModelWith256x256Tensor()	16	static
../tflite/tensorflow/lite/micro/test_helpers.cc:1701:14:const tflite::Model* tflite::testing::GetSimpleMultipleInputsModel()	144	static
