../tflite/tensorflow/lite/kernels/internal/reference/portable_tensor_utils.cc:51:6:void tflite::tensor_utils::PortableSymmetricQuantizeFloats(const float*, int, int8_t*, float, float, float*)	24	static
../tflite/tensorflow/lite/kernels/internal/reference/portable_tensor_utils.cc:40:6:void tflite::tensor_utils::PortableSymmetricQuantizeFloats(const float*, int, int8_t*, float*, float*, float*)	20	static
../tflite/tensorflow/lite/kernels/internal/reference/portable_tensor_utils.cc:72:6:void tflite::tensor_utils::PortableAsymmetricQuantizeFloats(const float*, int, int8_t*, float*, int32_t*)	64	static
../tflite/tensorflow/lite/kernels/internal/reference/portable_tensor_utils.cc:119:6:void tflite::tensor_utils::PortableMatrixBatchVectorMultiplyAccumulate(const float*, int, int, const float*, int, float*)	36	static
../tflite/tensorflow/lite/kernels/internal/reference/portable_tensor_utils.cc:138:6:void tflite::tensor_utils::PortableMatrixBatchVectorMultiplyAccumulate(const int8_t*, int, int, const int8_t*, const float*, int, float*)	56	static
../tflite/tensorflow/lite/kernels/internal/reference/portable_tensor_utils.cc:163:6:void tflite::tensor_utils::PortableMatrixBatchVectorMultiplyAccumulate(const int8_t*, int, int, const int8_t*, const float*, int, float*, const float*, const int32_t*, int32_t*, int32_t*, bool*, tflite::CpuBackendContext*)	72	static
../tflite/tensorflow/lite/kernels/internal/reference/portable_tensor_utils.cc:206:6:void tflite::tensor_utils::PortableSparseMatrixBatchVectorMultiplyAccumulate1x4(const float*, const int32_t*, const int32_t*, int, int, const float*, int, float*)	64	static
../tflite/tensorflow/lite/kernels/internal/reference/portable_tensor_utils.cc:230:6:void tflite::tensor_utils::PortableSparseMatrixBatchVectorMultiplyAccumulate1x16(const int8_t*, const int32_t*, const int32_t*, int, int, const int8_t*, const int32_t*, int, int32_t, int32_t, int32_t, const int32_t*, const int32_t*, int32_t, int32_t, int32_t, int8_t*)	80	static
../tflite/tensorflow/lite/kernels/internal/reference/portable_tensor_utils.cc:268:6:void tflite::tensor_utils::PortableSparseMatrixBatchVectorMultiplyAccumulate(const float*, const uint8_t*, int, int, const float*, int, float*)	88	static
../tflite/tensorflow/lite/kernels/internal/reference/portable_tensor_utils.cc:297:6:void tflite::tensor_utils::PortableSparseMatrixBatchVectorMultiplyAccumulate(const int8_t*, const uint8_t*, int, int, const int8_t*, const float*, int, float*, const float*)	64	static
../tflite/tensorflow/lite/kernels/internal/reference/portable_tensor_utils.cc:365:6:void tflite::tensor_utils::PortableMatrixBatchVectorMultiplyAccumulate(const int8_t*, const int32_t*, const int8_t*, int32_t, int32_t, int32_t, int32_t, int32_t, int32_t, int32_t*, int16_t*, tflite::CpuBackendContext*)	72	static
../tflite/tensorflow/lite/kernels/internal/reference/portable_tensor_utils.cc:375:6:void tflite::tensor_utils::PortableMatrixBatchVectorMultiplyAccumulate(const int8_t*, const int32_t*, const int8_t*, int32_t, int32_t, int32_t, int32_t, int32_t, int32_t, int32_t*, int8_t*, tflite::CpuBackendContext*)	64	static
../tflite/tensorflow/lite/kernels/internal/reference/portable_tensor_utils.cc:385:6:void tflite::tensor_utils::PortableMatrixBatchVectorMultiply(const int8_t*, int32_t, const int8_t*, int32_t, int32_t, int32_t, int32_t, int32_t, int8_t*, int8_t)	56	static
../tflite/tensorflow/lite/kernels/internal/reference/portable_tensor_utils.cc:417:6:void tflite::tensor_utils::PortableMatrixBatchVectorMultiply(const int16_t*, const int8_t*, int32_t, int32_t, const int32_t*, int32_t, int32_t, int32_t, int32_t, int8_t*)	80	static
../tflite/tensorflow/lite/kernels/internal/reference/portable_tensor_utils.cc:453:6:void tflite::tensor_utils::PortableApplyLayerNorm(const int16_t*, const int16_t*, const int32_t*, int32_t, int32_t, int32_t, int, int, int16_t*)	80	static
../tflite/tensorflow/lite/kernels/internal/reference/portable_tensor_utils.cc:503:6:void tflite::tensor_utils::PortableApplyLayerNormFloat(const int16_t*, const int16_t*, int32_t, int32_t, const int32_t*, int, int, int16_t*)	96	static
../tflite/tensorflow/lite/kernels/internal/reference/portable_tensor_utils.cc:548:6:void tflite::tensor_utils::PortableMatrixScalarMultiplyAccumulate(const int8_t*, int32_t, int32_t, int32_t, int32_t*)	16	static
../tflite/tensorflow/lite/kernels/internal/reference/portable_tensor_utils.cc:574:6:void tflite::tensor_utils::PortableApplySigmoidFloat(const int16_t*, int32_t, int32_t, int16_t*)	80	static
../tflite/tensorflow/lite/kernels/internal/reference/portable_tensor_utils.cc:629:6:void tflite::tensor_utils::PortableApplyTanhFloat(const int16_t*, int32_t, int32_t, int32_t, int16_t*)	80	static
../tflite/tensorflow/lite/kernels/internal/reference/portable_tensor_utils.cc:650:6:void tflite::tensor_utils::PortableCwiseMul(const int16_t*, const int16_t*, int, int, int, int16_t*)	64	static
../tflite/tensorflow/lite/kernels/internal/reference/portable_tensor_utils.cc:664:6:void tflite::tensor_utils::PortableCwiseMul(const int16_t*, const int16_t*, int32_t, int32_t, int32_t, int32_t, int32_t, int8_t*)	64	static
../tflite/tensorflow/lite/kernels/internal/reference/portable_tensor_utils.cc:683:6:void tflite::tensor_utils::PortableCwiseAdd(const int16_t*, const int16_t*, int, int, int16_t*)	56	static
../tflite/tensorflow/lite/kernels/internal/reference/portable_tensor_utils.cc:695:7:float tflite::tensor_utils::PortableVectorVectorDotProduct(const float*, const float*, int)	0	static
../tflite/tensorflow/lite/kernels/internal/reference/portable_tensor_utils.cc:715:6:void tflite::tensor_utils::PortableBatchVectorBatchVectorDotProduct(const int16_t*, const int16_t*, int, int, int32_t*)	24	static
../tflite/tensorflow/lite/kernels/internal/reference/portable_tensor_utils.cc:726:6:void tflite::tensor_utils::PortableVectorBatchVectorCwiseProductAccumulate(const int16_t*, int, const int16_t*, int, int32_t, int, int16_t*)	72	static
../tflite/tensorflow/lite/kernels/internal/reference/portable_tensor_utils.cc:741:6:void tflite::tensor_utils::PortableSub1Vector(const float*, int, float*)	0	static
../tflite/tensorflow/lite/kernels/internal/reference/portable_tensor_utils.cc:747:6:void tflite::tensor_utils::PortableSub1Vector(const int16_t*, int, int16_t*)	32	static
../tflite/tensorflow/lite/kernels/internal/reference/portable_tensor_utils.cc:754:6:void tflite::tensor_utils::PortableVectorScalarMultiply(const int8_t*, int, float, float*)	0	static
../tflite/tensorflow/lite/kernels/internal/reference/portable_tensor_utils.cc:761:6:void tflite::tensor_utils::PortableMeanStddevNormalization(const float*, float*, int, int)	20	static
../tflite/tensorflow/lite/kernels/internal/reference/portable_tensor_utils.cc:787:6:void tflite::tensor_utils::PortableTwoGateSaturatingAdd(const int8_t*, int8_t, const int8_t*, int8_t, int32_t, int32_t, int32_t, int32_t, int32_t, int32_t, int16_t*)	56	static
C:/Users/giorg/Desktop/opt_micro_tflite/opt_micro_tflite/tflite/third_party/gemmlowp/fixedpoint/fixedpoint.h:842:25:gemmlowp::FixedPoint<tRawType, 0> gemmlowp::one_over_one_plus_x_for_x_in_0_1(gemmlowp::FixedPoint<tRawType, 0>) [with tRawType = short int]	8	static
C:/Users/giorg/Desktop/opt_micro_tflite/opt_micro_tflite/tflite/third_party/gemmlowp/fixedpoint/fixedpoint.h:721:25:gemmlowp::FixedPoint<tRawType, 0> gemmlowp::exp_on_interval_between_negative_one_quarter_and_0_excl(gemmlowp::FixedPoint<tRawType, 0>) [with tRawType = short int]	4	static
C:/Users/giorg/Desktop/opt_micro_tflite/opt_micro_tflite/tflite/third_party/gemmlowp/fixedpoint/fixedpoint.h:746:25:gemmlowp::FixedPoint<tRawType, 0> gemmlowp::exp_on_negative_values(gemmlowp::FixedPoint<tRawType, tIntegerBits_a>) [with tRawType = short int; int tIntegerBits = 3]	16	static
../tflite/tensorflow/lite/kernels/internal/reference/portable_tensor_utils.cc:560:6:void tflite::tensor_utils::PortableApplySigmoid(const int16_t*, int32_t, int32_t, int16_t*)	72	static
C:/Users/giorg/Desktop/opt_micro_tflite/opt_micro_tflite/tflite/third_party/gemmlowp/fixedpoint/fixedpoint.h:746:25:gemmlowp::FixedPoint<tRawType, 0> gemmlowp::exp_on_negative_values(gemmlowp::FixedPoint<tRawType, tIntegerBits_a>) [with tRawType = short int; int tIntegerBits = 1]	16	static
C:/Users/giorg/Desktop/opt_micro_tflite/opt_micro_tflite/tflite/third_party/gemmlowp/fixedpoint/fixedpoint.h:795:25:gemmlowp::FixedPoint<tRawType, 0> gemmlowp::one_minus_x_over_one_plus_x_for_x_in_0_1(gemmlowp::FixedPoint<tRawType, 0>) [with tRawType = short int]	8	static
C:/Users/giorg/Desktop/opt_micro_tflite/opt_micro_tflite/tflite/third_party/gemmlowp/fixedpoint/fixedpoint.h:746:25:gemmlowp::FixedPoint<tRawType, 0> gemmlowp::exp_on_negative_values(gemmlowp::FixedPoint<tRawType, tIntegerBits_a>) [with tRawType = short int; int tIntegerBits = 2]	16	static
C:/Users/giorg/Desktop/opt_micro_tflite/opt_micro_tflite/tflite/third_party/gemmlowp/fixedpoint/fixedpoint.h:746:25:gemmlowp::FixedPoint<tRawType, 0> gemmlowp::exp_on_negative_values(gemmlowp::FixedPoint<tRawType, tIntegerBits_a>) [with tRawType = short int; int tIntegerBits = 4]	16	static
C:/Users/giorg/Desktop/opt_micro_tflite/opt_micro_tflite/tflite/third_party/gemmlowp/fixedpoint/fixedpoint.h:746:25:gemmlowp::FixedPoint<tRawType, 0> gemmlowp::exp_on_negative_values(gemmlowp::FixedPoint<tRawType, tIntegerBits_a>) [with tRawType = short int; int tIntegerBits = 5]	16	static
C:/Users/giorg/Desktop/opt_micro_tflite/opt_micro_tflite/tflite/third_party/gemmlowp/fixedpoint/fixedpoint.h:746:25:gemmlowp::FixedPoint<tRawType, 0> gemmlowp::exp_on_negative_values(gemmlowp::FixedPoint<tRawType, tIntegerBits_a>) [with tRawType = short int; int tIntegerBits = 6]	16	static
C:/Users/giorg/Desktop/opt_micro_tflite/opt_micro_tflite/tflite/third_party/gemmlowp/fixedpoint/fixedpoint.h:746:25:gemmlowp::FixedPoint<tRawType, 0> gemmlowp::exp_on_negative_values(gemmlowp::FixedPoint<tRawType, tIntegerBits_a>) [with tRawType = short int; int tIntegerBits = 7]	16	static
../tflite/tensorflow/lite/kernels/internal/reference/portable_tensor_utils.cc:608:6:void tflite::tensor_utils::PortableApplyTanh(int32_t, const int16_t*, int32_t, int32_t, int16_t*)	64	static
