../tflite/tensorflow/lite/micro/kernels/cmsis_nn/unidirectional_sequence_lstm.cc:502:7:void* tflite::{anonymous}::UnidirectionalSequenceLstmInit(TfLiteContext*, const char*, size_t)	8	static
../tflite/tensorflow/lite/micro/kernels/cmsis_nn/unidirectional_sequence_lstm.cc:379:14:TfLiteStatus tflite::{anonymous}::CMSIS_NN_EvalInteger8x8_16Lstm(const tflite::{anonymous}::OpData&, const tflite::LSTMKernelContents&, const tflite::LSTMBuffers<CellType>&) [with CellType = short int]	440	static
../tflite/tensorflow/lite/micro/kernels/cmsis_nn/unidirectional_sequence_lstm.cc:42:14:0(TfLiteContext*, int32_t, const TfLiteTensor*, const TfLiteTensor*, int32_t**)	88	static
../tflite/tensorflow/lite/micro/kernels/cmsis_nn/unidirectional_sequence_lstm.cc:508:14:TfLiteStatus tflite::{anonymous}::UnidirectionalSequenceLstmPrepare(TfLiteContext*, TfLiteNode*)	336	static
../tflite/tensorflow/lite/micro/kernels/cmsis_nn/unidirectional_sequence_lstm.cc:641:14:TfLiteStatus tflite::{anonymous}::UnidirectionalSequenceLstmEvalInt8(TfLiteContext*, TfLiteNode*)	136	static
../tflite/tensorflow/lite/micro/kernels/cmsis_nn/unidirectional_sequence_lstm.cc:671:18:TFLMRegistration tflite::Register_UNIDIRECTIONAL_SEQUENCE_LSTM()	16	static
../tflite/tensorflow/lite/micro/kernels/cmsis_nn/unidirectional_sequence_lstm.cc:677:18:TFLMRegistration tflite::Register_UNIDIRECTIONAL_SEQUENCE_LSTM_INT8()	16	static
C:/Users/giorg/Desktop/opt_micro_tflite/opt_micro_tflite/tflite/tensorflow/lite/micro/kernels/lstm_eval.h:255:6:void tflite::lstm_internal::CalculateLstmGate(const tflite::lstm_internal::LstmStepManager&, const tflite::GateParameters&, const TfLiteEvalTensor*, const TfLiteEvalTensor*, const TfLiteEvalTensor*, const TfLiteEvalTensor*, const TfLiteEvalTensor*, const TfLiteEvalTensor*, CellType*, CellType*, TfLiteFusedActivation) [with ActivationType = float; WeightType = float; CellType = float; BiasType = float]	328	static
C:/Users/giorg/Desktop/opt_micro_tflite/opt_micro_tflite/tflite/tensorflow/lite/micro/kernels/lstm_eval.h:319:6:void tflite::lstm_internal::UpdateLstmCell(const tflite::lstm_internal::LstmStepManager&, TfLiteEvalTensor*, CellType*, const CellType*, const CellType*, const tflite::ArithmeticParams&, const tflite::ArithmeticParams&, const tflite::CellStateInfo&, CellType*) [with CellType = float]	128	static
C:/Users/giorg/Desktop/opt_micro_tflite/opt_micro_tflite/tflite/tensorflow/lite/micro/kernels/lstm_eval.h:365:6:void tflite::lstm_internal::UpdateLstmHidden(const tflite::lstm_internal::LstmStepManager&, TfLiteEvalTensor*, TfLiteEvalTensor*, const CellType*, const tflite::ArithmeticParams&, int32_t, CellType*) [with CellType = float; ActivationType = float]	184	static
C:/Users/giorg/Desktop/opt_micro_tflite/opt_micro_tflite/tflite/tensorflow/lite/micro/kernels/lstm_eval.h:394:6:void tflite::lstm_internal::LstmStep(const tflite::lstm_internal::LstmStepManager&, const tflite::OpDataLSTM&, tflite::LSTMKernelContents&, const tflite::LSTMBuffers<CellType>&) [with ActivationType = float; WeightType = float; CellType = float; BiasType = float]	136	static
C:/Users/giorg/Desktop/opt_micro_tflite/opt_micro_tflite/tflite/tensorflow/lite/micro/kernels/lstm_eval.h:255:6:void tflite::lstm_internal::CalculateLstmGate(const tflite::lstm_internal::LstmStepManager&, const tflite::GateParameters&, const TfLiteEvalTensor*, const TfLiteEvalTensor*, const TfLiteEvalTensor*, const TfLiteEvalTensor*, const TfLiteEvalTensor*, const TfLiteEvalTensor*, CellType*, CellType*, TfLiteFusedActivation) [with ActivationType = short int; WeightType = signed char; CellType = short int; BiasType = long long int]	328	static
C:/Users/giorg/Desktop/opt_micro_tflite/opt_micro_tflite/tflite/tensorflow/lite/micro/kernels/lstm_eval.h:319:6:void tflite::lstm_internal::UpdateLstmCell(const tflite::lstm_internal::LstmStepManager&, TfLiteEvalTensor*, CellType*, const CellType*, const CellType*, const tflite::ArithmeticParams&, const tflite::ArithmeticParams&, const tflite::CellStateInfo&, CellType*) [with CellType = short int]	128	static
C:/Users/giorg/Desktop/opt_micro_tflite/opt_micro_tflite/tflite/tensorflow/lite/micro/kernels/lstm_eval.h:365:6:void tflite::lstm_internal::UpdateLstmHidden(const tflite::lstm_internal::LstmStepManager&, TfLiteEvalTensor*, TfLiteEvalTensor*, const CellType*, const tflite::ArithmeticParams&, int32_t, CellType*) [with CellType = short int; ActivationType = short int]	184	static
C:/Users/giorg/Desktop/opt_micro_tflite/opt_micro_tflite/tflite/tensorflow/lite/micro/kernels/lstm_eval.h:394:6:void tflite::lstm_internal::LstmStep(const tflite::lstm_internal::LstmStepManager&, const tflite::OpDataLSTM&, tflite::LSTMKernelContents&, const tflite::LSTMBuffers<CellType>&) [with ActivationType = short int; WeightType = signed char; CellType = short int; BiasType = long long int]	136	static
../tflite/tensorflow/lite/micro/kernels/cmsis_nn/unidirectional_sequence_lstm.cc:575:14:TfLiteStatus tflite::{anonymous}::UnidirectionalSequenceLstmEval(TfLiteContext*, TfLiteNode*)	168	static
