../tflite/tensorflow/lite/micro/kernels/cmsis_nn/softmax.cc:38:7:void* tflite::{anonymous}::Init(TfLiteContext*, const char*, size_t)	8	static
../tflite/tensorflow/lite/micro/kernels/cmsis_nn/softmax.cc:134:14:TfLiteStatus tflite::{anonymous}::SoftmaxEvalInt8(TfLiteContext*, TfLiteNode*)	40	static
../tflite/tensorflow/lite/micro/kernels/cmsis_nn/softmax.cc:151:14:TfLiteStatus tflite::{anonymous}::SoftmaxEvalInt8_Int16(TfLiteContext*, TfLiteNode*)	40	static
../tflite/tensorflow/lite/micro/kernels/cmsis_nn/softmax.cc:168:14:TfLiteStatus tflite::{anonymous}::SoftmaxEvalInt16(TfLiteContext*, TfLiteNode*)	40	static
../tflite/tensorflow/lite/micro/kernels/cmsis_nn/softmax.cc:44:14:TfLiteStatus tflite::{anonymous}::Prepare(TfLiteContext*, TfLiteNode*)	104	static
../tflite/tensorflow/lite/micro/kernels/cmsis_nn/softmax.cc:78:14:TfLiteStatus tflite::{anonymous}::SoftmaxEval(TfLiteContext*, TfLiteNode*)	160	static
../tflite/tensorflow/lite/micro/kernels/cmsis_nn/softmax.cc:193:18:TFLMRegistration tflite::Register_SOFTMAX()	16	static
../tflite/tensorflow/lite/micro/kernels/cmsis_nn/softmax.cc:197:18:TFLMRegistration tflite::Register_SOFTMAX_INT8()	16	static
../tflite/tensorflow/lite/micro/kernels/cmsis_nn/softmax.cc:201:18:TFLMRegistration tflite::Register_SOFTMAX_INT8_INT16()	16	static
../tflite/tensorflow/lite/micro/kernels/cmsis_nn/softmax.cc:205:18:TFLMRegistration tflite::Register_SOFTMAX_INT16()	16	static
