C:/Users/giorg/Desktop/opt_micro_tflite/opt_micro_tflite/tflite/tensorflow/lite/kernels/internal/reference/integer_ops/add.h:28:13:void tflite::reference_integer_ops::CheckArithmeticParams(const tflite::ArithmeticParams&)	8	static
../tflite/tensorflow/lite/micro/kernels/add.cc:163:7:void* tflite::AddInit(TfLiteContext*, const char*, size_t)	8	static
C:/Users/giorg/Desktop/opt_micro_tflite/opt_micro_tflite/tflite/tensorflow/lite/kernels/internal/reference/add.h:270:13:void tflite::reference_ops::BroadcastAddRecursiveDimensions(int, size_t*, size_t*, size_t*, size_t*, size_t*, size_t*, T, T, const T*, const T*, T*) [with T = float]	144	static
C:/Users/giorg/Desktop/opt_micro_tflite/opt_micro_tflite/tflite/tensorflow/lite/kernels/internal/reference/add.h:270:13:void tflite::reference_ops::BroadcastAddRecursiveDimensions(int, size_t*, size_t*, size_t*, size_t*, size_t*, size_t*, T, T, const T*, const T*, T*) [with T = long int]	152	static
C:/Users/giorg/Desktop/opt_micro_tflite/opt_micro_tflite/tflite/tensorflow/lite/kernels/internal/reference/integer_ops/add.h:180:15:int8_t tflite::reference_integer_ops::AddFunc(int8_t, int8_t, const tflite::ArithmeticParams&)	16	static
C:/Users/giorg/Desktop/opt_micro_tflite/opt_micro_tflite/tflite/tensorflow/lite/kernels/internal/reference/integer_ops/add.h:75:13:void tflite::reference_integer_ops::BroadcastAddRecursiveDimensions(const tflite::ArithmeticParams&, int, size_t*, size_t*, size_t*, size_t*, size_t*, size_t*, const T*, const T*, T*, void (*)(const tflite::ArithmeticParams&), T (*)(T, T, const tflite::ArithmeticParams&)) [with T = signed char]	168	static
../tflite/tensorflow/lite/micro/kernels/add.cc:196:18:TFLMRegistration tflite::Register_ADD()	16	static
C:/Users/giorg/Desktop/opt_micro_tflite/opt_micro_tflite/tflite/tensorflow/lite/kernels/internal/common.h:46:6:bool tflite::ReduceDimensionsForBroadcast(const tflite::RuntimeShape&, const tflite::RuntimeShape&, size_t*, size_t*, size_t*) [with int MAX_DIM = 6]	112	static
../tflite/tensorflow/lite/micro/kernels/add.cc:35:14:TfLiteStatus tflite::EvalAdd(TfLiteContext*, TfLiteNode*, TfLiteAddParams*, const tflite::OpDataAdd*, const TfLiteEvalTensor*, const TfLiteEvalTensor*, TfLiteEvalTensor*)	384	static
C:/Users/giorg/Desktop/opt_micro_tflite/opt_micro_tflite/tflite/tensorflow/lite/kernels/internal/reference/add.h:368:13:void tflite::reference_ops::BroadcastAddRecursiveDimensions(const tflite::ArithmeticParams&, int, size_t*, size_t*, size_t*, size_t*, size_t*, size_t*, const T*, const T*, T*) [with T = short int]	112	static
../tflite/tensorflow/lite/micro/kernels/add.cc:91:14:TfLiteStatus tflite::EvalAddQuantized(TfLiteContext*, TfLiteNode*, TfLiteAddParams*, const tflite::OpDataAdd*, const TfLiteEvalTensor*, const TfLiteEvalTensor*, TfLiteEvalTensor*)	640	static
../tflite/tensorflow/lite/micro/kernels/add.cc:168:14:TfLiteStatus tflite::AddEval(TfLiteContext*, TfLiteNode*)	48	static
