../tflite/tensorflow/lite/micro/kernels/fully_connected.cc:29:7:void* tflite::{anonymous}::FullyConnectedInit(TfLiteContext*, const char*, size_t)	8	static
../tflite/tensorflow/lite/micro/kernels/fully_connected.cc:36:14:TfLiteStatus tflite::{anonymous}::FullyConnectedPrepare(TfLiteContext*, TfLiteNode*)	96	static
C:/Users/giorg/Desktop/opt_micro_tflite/opt_micro_tflite/tflite/tensorflow/lite/kernels/internal/reference/integer_ops/fully_connected.h:77:6:void tflite::reference_integer_ops::FullyConnected(const tflite::FullyConnectedParams&, const tflite::RuntimeShape&, const InputType*, const tflite::RuntimeShape&, const WeightType*, const tflite::RuntimeShape&, const BiasType*, const tflite::RuntimeShape&, OutputType*) [with InputType = signed char; WeightType = signed char; OutputType = signed char; BiasType = long int]	88	static
../tflite/tensorflow/lite/micro/kernels/fully_connected.cc:91:14:TfLiteStatus tflite::{anonymous}::FullyConnectedEval(TfLiteContext*, TfLiteNode*)	744	static
../tflite/tensorflow/lite/micro/kernels/fully_connected.cc:203:18:TFLMRegistration tflite::Register_FULLY_CONNECTED()	16	static
../tflite/tensorflow/lite/micro/kernels/fully_connected.cc:208:27:TFLMInferenceRegistration tflite::RegisterInference_FULLY_CONNECTED()	8	static
