../tflite/tensorflow/lite/micro/kernels/logical_common.cc:59:6:bool tflite::LogicalOr(bool, bool)	0	static
../tflite/tensorflow/lite/micro/kernels/logical_common.cc:61:6:bool tflite::LogicalAnd(bool, bool)	0	static
C:/Users/giorg/Desktop/opt_micro_tflite/tflite/tensorflow/lite/kernels/internal/common.h:1082:22:void tflite::CopyDimsToDesc(const tflite::RuntimeShape&, tflite::NdArrayDesc<N>*) [with int N = 4]	8	static
../tflite/tensorflow/lite/micro/kernels/logical_common.cc:29:14:TfLiteStatus tflite::LogicalImpl(TfLiteContext*, TfLiteNode*, bool (*)(bool, bool))	440	static
