../tflite/tensorflow/lite/micro/kernels/maximum_minimum.cc:54:20:static data_type tflite::{anonymous}::MaximumOp::op(data_type, data_type) [with data_type = float]	0	static
../tflite/tensorflow/lite/micro/kernels/maximum_minimum.cc:54:20:static data_type tflite::{anonymous}::MaximumOp::op(data_type, data_type) [with data_type = signed char]	0	static
../tflite/tensorflow/lite/micro/kernels/maximum_minimum.cc:54:20:static data_type tflite::{anonymous}::MaximumOp::op(data_type, data_type) [with data_type = long int]	0	static
../tflite/tensorflow/lite/micro/kernels/maximum_minimum.cc:54:20:static data_type tflite::{anonymous}::MaximumOp::op(data_type, data_type) [with data_type = long long int]	0	static
../tflite/tensorflow/lite/micro/kernels/maximum_minimum.cc:61:20:static data_type tflite::{anonymous}::MinimumOp::op(data_type, data_type) [with data_type = float]	0	static
../tflite/tensorflow/lite/micro/kernels/maximum_minimum.cc:61:20:static data_type tflite::{anonymous}::MinimumOp::op(data_type, data_type) [with data_type = signed char]	0	static
../tflite/tensorflow/lite/micro/kernels/maximum_minimum.cc:61:20:static data_type tflite::{anonymous}::MinimumOp::op(data_type, data_type) [with data_type = long int]	0	static
../tflite/tensorflow/lite/micro/kernels/maximum_minimum.cc:61:20:static data_type tflite::{anonymous}::MinimumOp::op(data_type, data_type) [with data_type = long long int]	0	static
../tflite/tensorflow/lite/micro/kernels/maximum_minimum.cc:112:18:TFLMRegistration tflite::Register_MAXIMUM()	16	static
../tflite/tensorflow/lite/micro/kernels/maximum_minimum.cc:117:18:TFLMRegistration tflite::Register_MINIMUM()	16	static
C:/Users/giorg/Desktop/opt_micro_tflite/tflite/tensorflow/lite/kernels/internal/common.h:1082:22:void tflite::CopyDimsToDesc(const tflite::RuntimeShape&, tflite::NdArrayDesc<N>*) [with int N = 5]	8	static
C:/Users/giorg/Desktop/opt_micro_tflite/tflite/tensorflow/lite/kernels/internal/common.h:1189:51:typename std::enable_if<(DIM != (N - 1)), void>::type tflite::NDOpsHelperImpl(const tflite::NdArrayDesc<N>&, const Calc&, int*) [with int N = 5; int DIM = 1; Calc = tflite::reference_ops::MaximumMinimumBroadcastSlow<float, float (*)(float, float)>(const tflite::RuntimeShape&, const float*, const tflite::RuntimeShape&, const float*, const tflite::RuntimeShape&, float*, float (*)(float, float))::<lambda(int*)>]	48	static
C:/Users/giorg/Desktop/opt_micro_tflite/tflite/tensorflow/lite/kernels/internal/reference/maximum_minimum.h:25:6:void tflite::reference_ops::MaximumMinimumBroadcastSlow(const tflite::RuntimeShape&, const T*, const tflite::RuntimeShape&, const T*, const tflite::RuntimeShape&, T*, Op) [with T = float; Op = float (*)(float, float); int N = 5]	216	static
C:/Users/giorg/Desktop/opt_micro_tflite/tflite/tensorflow/lite/kernels/internal/common.h:1189:51:typename std::enable_if<(DIM != (N - 1)), void>::type tflite::NDOpsHelperImpl(const tflite::NdArrayDesc<N>&, const Calc&, int*) [with int N = 5; int DIM = 1; Calc = tflite::reference_ops::MaximumMinimumBroadcastSlow<signed char, signed char (*)(signed char, signed char)>(const tflite::RuntimeShape&, const signed char*, const tflite::RuntimeShape&, const signed char*, const tflite::RuntimeShape&, signed char*, signed char (*)(signed char, signed char))::<lambda(int*)>]	48	static
C:/Users/giorg/Desktop/opt_micro_tflite/tflite/tensorflow/lite/kernels/internal/reference/maximum_minimum.h:25:6:void tflite::reference_ops::MaximumMinimumBroadcastSlow(const tflite::RuntimeShape&, const T*, const tflite::RuntimeShape&, const T*, const tflite::RuntimeShape&, T*, Op) [with T = signed char; Op = signed char (*)(signed char, signed char); int N = 5]	216	static
C:/Users/giorg/Desktop/opt_micro_tflite/tflite/tensorflow/lite/kernels/internal/common.h:1189:51:typename std::enable_if<(DIM != (N - 1)), void>::type tflite::NDOpsHelperImpl(const tflite::NdArrayDesc<N>&, const Calc&, int*) [with int N = 5; int DIM = 1; Calc = tflite::reference_ops::MaximumMinimumBroadcastSlow<long int, long int (*)(long int, long int)>(const tflite::RuntimeShape&, const long int*, const tflite::RuntimeShape&, const long int*, const tflite::RuntimeShape&, long int*, long int (*)(long int, long int))::<lambda(int*)>]	48	static
C:/Users/giorg/Desktop/opt_micro_tflite/tflite/tensorflow/lite/kernels/internal/reference/maximum_minimum.h:25:6:void tflite::reference_ops::MaximumMinimumBroadcastSlow(const tflite::RuntimeShape&, const T*, const tflite::RuntimeShape&, const T*, const tflite::RuntimeShape&, T*, Op) [with T = long int; Op = long int (*)(long int, long int); int N = 5]	216	static
C:/Users/giorg/Desktop/opt_micro_tflite/tflite/tensorflow/lite/kernels/internal/common.h:1189:51:typename std::enable_if<(DIM != (N - 1)), void>::type tflite::NDOpsHelperImpl(const tflite::NdArrayDesc<N>&, const Calc&, int*) [with int N = 5; int DIM = 1; Calc = tflite::reference_ops::MaximumMinimumBroadcastSlow<long long int, long long int (*)(long long int, long long int)>(const tflite::RuntimeShape&, const long long int*, const tflite::RuntimeShape&, const long long int*, const tflite::RuntimeShape&, long long int*, long long int (*)(long long int, long long int))::<lambda(int*)>]	48	static
C:/Users/giorg/Desktop/opt_micro_tflite/tflite/tensorflow/lite/kernels/internal/reference/maximum_minimum.h:25:6:void tflite::reference_ops::MaximumMinimumBroadcastSlow(const tflite::RuntimeShape&, const T*, const tflite::RuntimeShape&, const T*, const tflite::RuntimeShape&, T*, Op) [with T = long long int; Op = long long int (*)(long long int, long long int); int N = 5]	216	static
../tflite/tensorflow/lite/micro/kernels/maximum_minimum.cc:80:14:TfLiteStatus tflite::{anonymous}::Eval(TfLiteContext*, TfLiteNode*) [with tflite::{anonymous}::KernelType kernel_type = tflite::<unnamed>::kReference; OpType = tflite::{anonymous}::MinimumOp]	304	static
../tflite/tensorflow/lite/micro/kernels/maximum_minimum.cc:80:14:TfLiteStatus tflite::{anonymous}::Eval(TfLiteContext*, TfLiteNode*) [with tflite::{anonymous}::KernelType kernel_type = tflite::<unnamed>::kReference; OpType = tflite::{anonymous}::MaximumOp]	304	static
