../tflite/tensorflow/lite/micro/kernels/prelu_common.cc:28:14:TfLiteStatus tflite::CalculatePreluParams(const TfLiteTensor*, const TfLiteTensor*, TfLiteTensor*, tflite::PreluParams*)	48	static
../tflite/tensorflow/lite/micro/kernels/prelu_common.cc:83:14:TfLiteStatus tflite::PreluPrepare(TfLiteContext*, TfLiteNode*)	56	static
C:/Users/giorg/Desktop/opt_micro_tflite/tflite/tensorflow/lite/kernels/internal/common.h:1082:22:void tflite::CopyDimsToDesc(const tflite::RuntimeShape&, tflite::NdArrayDesc<N>*) [with int N = 4]	8	static
../tflite/tensorflow/lite/micro/kernels/prelu_common.cc:50:6:void tflite::BroadcastPrelu4DSlowFloat(const tflite::RuntimeShape&, const float*, const tflite::RuntimeShape&, const float*, const tflite::RuntimeShape&, float*)	304	static
