../tflite/tensorflow/lite/micro/kernels/select.cc:38:7:void* tflite::{anonymous}::SelectInit(TfLiteContext*, const char*, size_t)	8	static
C:/Users/giorg/Desktop/opt_micro_tflite/tflite/tensorflow/lite/kernels/internal/reference/select.h:28:6:void tflite::reference_ops::Select(const tflite::RuntimeShape&, const D*, const tflite::RuntimeShape&, const T*, const tflite::RuntimeShape&, const T*, const tflite::RuntimeShape&, T*) [with D = bool; T = float]	40	static
../tflite/tensorflow/lite/micro/kernels/select.cc:147:14:TfLiteStatus tflite::{anonymous}::SelectEval(TfLiteContext*, TfLiteNode*)	384	static
../tflite/tensorflow/lite/micro/kernels/select.cc:75:14:TfLiteStatus tflite::{anonymous}::SelectPrepare(TfLiteContext*, TfLiteNode*)	200	static
C:/Users/giorg/Desktop/opt_micro_tflite/tflite/tensorflow/lite/kernels/internal/reference/select.h:28:6:void tflite::reference_ops::Select(const tflite::RuntimeShape&, const D*, const tflite::RuntimeShape&, const T*, const tflite::RuntimeShape&, const T*, const tflite::RuntimeShape&, T*) [with D = bool; T = signed char]	48	static
C:/Users/giorg/Desktop/opt_micro_tflite/tflite/tensorflow/lite/kernels/internal/reference/select.h:28:6:void tflite::reference_ops::Select(const tflite::RuntimeShape&, const D*, const tflite::RuntimeShape&, const T*, const tflite::RuntimeShape&, const T*, const tflite::RuntimeShape&, T*) [with D = bool; T = short int]	48	static
../tflite/tensorflow/lite/micro/kernels/select.cc:191:18:TFLMRegistration tflite::Register_SELECT_V2()	16	static
C:/Users/giorg/Desktop/opt_micro_tflite/tflite/tensorflow/lite/kernels/internal/common.h:1082:22:void tflite::CopyDimsToDesc(const tflite::RuntimeShape&, tflite::NdArrayDesc<N>*) [with int N = 5]	8	static
C:/Users/giorg/Desktop/opt_micro_tflite/tflite/tensorflow/lite/kernels/internal/reference/select.h:78:6:void tflite::reference_ops::BroadcastSelect5DSlow(const tflite::RuntimeShape&, const D*, const tflite::RuntimeShape&, const T*, const tflite::RuntimeShape&, const T*, const tflite::RuntimeShape&, T*) [with D = bool; T = short int]	472	static
C:/Users/giorg/Desktop/opt_micro_tflite/tflite/tensorflow/lite/kernels/internal/reference/select.h:78:6:void tflite::reference_ops::BroadcastSelect5DSlow(const tflite::RuntimeShape&, const D*, const tflite::RuntimeShape&, const T*, const tflite::RuntimeShape&, const T*, const tflite::RuntimeShape&, T*) [with D = bool; T = signed char]	472	static
C:/Users/giorg/Desktop/opt_micro_tflite/tflite/tensorflow/lite/kernels/internal/reference/select.h:78:6:void tflite::reference_ops::BroadcastSelect5DSlow(const tflite::RuntimeShape&, const D*, const tflite::RuntimeShape&, const T*, const tflite::RuntimeShape&, const T*, const tflite::RuntimeShape&, T*) [with D = bool; T = float]	472	static
