../tflite/tensorflow/lite/micro/kernels/sub.cc:34:7:void* tflite::SubInit(TfLiteContext*, const char*, size_t)	8	static
C:/Users/giorg/Desktop/opt_micro_tflite/tflite/tensorflow/lite/kernels/internal/reference/sub.h:142:13:void tflite::reference_ops::BroadcastSubRecursiveDimensions(int, const tflite::ArithmeticParams&, const T*, const T*, T*, size_t*, size_t*, size_t*, size_t*, size_t*, size_t*, F) [with T = float; F = tflite::reference_ops::BroadcastSubSlow<float>(const tflite::ArithmeticParams&, const tflite::RuntimeShape&, const float*, const tflite::RuntimeShape&, const float*, const tflite::RuntimeShape&, float*)::<lambda(float, float, const tflite::ArithmeticParams&)>]	144	static
C:/Users/giorg/Desktop/opt_micro_tflite/tflite/tensorflow/lite/kernels/internal/reference/sub.h:142:13:void tflite::reference_ops::BroadcastSubRecursiveDimensions(int, const tflite::ArithmeticParams&, const T*, const T*, T*, size_t*, size_t*, size_t*, size_t*, size_t*, size_t*, F) [with T = short int; F = tflite::reference_ops::BroadcastQuantSubSlow<short int>(const tflite::ArithmeticParams&, const tflite::RuntimeShape&, const short int*, const tflite::RuntimeShape&, const short int*, const tflite::RuntimeShape&, short int*)::<lambda(short int, short int, const tflite::ArithmeticParams&)>]	208	static
C:/Users/giorg/Desktop/opt_micro_tflite/tflite/tensorflow/lite/kernels/internal/reference/sub.h:142:13:void tflite::reference_ops::BroadcastSubRecursiveDimensions(int, const tflite::ArithmeticParams&, const T*, const T*, T*, size_t*, size_t*, size_t*, size_t*, size_t*, size_t*, F) [with T = signed char; F = tflite::reference_ops::BroadcastQuantSubSlow<signed char>(const tflite::ArithmeticParams&, const tflite::RuntimeShape&, const signed char*, const tflite::RuntimeShape&, const signed char*, const tflite::RuntimeShape&, signed char*)::<lambda(signed char, signed char, const tflite::ArithmeticParams&)>]	176	static
../tflite/tensorflow/lite/micro/kernels/sub.cc:164:18:TFLMRegistration tflite::Register_SUB()	16	static
C:/Users/giorg/Desktop/opt_micro_tflite/tflite/tensorflow/lite/kernels/internal/common.h:46:6:bool tflite::ReduceDimensionsForBroadcast(const tflite::RuntimeShape&, const tflite::RuntimeShape&, size_t*, size_t*, size_t*) [with int MAX_DIM = 6]	112	static
../tflite/tensorflow/lite/micro/kernels/sub.cc:66:14:TfLiteStatus tflite::EvalSubQuantized(TfLiteContext*, TfLiteNode*, TfLiteSubParams*, const tflite::OpDataSub*, const TfLiteEvalTensor*, const TfLiteEvalTensor*, TfLiteEvalTensor*)	688	static
../tflite/tensorflow/lite/micro/kernels/sub.cc:39:6:void tflite::EvalSub(TfLiteContext*, TfLiteNode*, TfLiteSubParams*, const tflite::OpDataSub*, const TfLiteEvalTensor*, const TfLiteEvalTensor*, TfLiteEvalTensor*)	376	static
../tflite/tensorflow/lite/micro/kernels/sub.cc:137:14:TfLiteStatus tflite::SubEval(TfLiteContext*, TfLiteNode*)	48	static
