../tflite/tensorflow/lite/micro/kernels/broadcast_to.cc:76:14:TfLiteStatus tflite::{anonymous}::BroadcastToPrepare(TfLiteContext*, TfLiteNode*)	80	static
../tflite/tensorflow/lite/micro/kernels/broadcast_to.cc:118:18:TFLMRegistration tflite::Register_BROADCAST_TO()	16	static
C:/Users/giorg/Desktop/opt_micro_tflite/opt_micro_tflite/tflite/tensorflow/lite/kernels/internal/common.h:1082:22:void tflite::CopyDimsToDesc(const tflite::RuntimeShape&, tflite::NdArrayDesc<N>*) [with int N = 5]	8	static
C:/Users/giorg/Desktop/opt_micro_tflite/opt_micro_tflite/tflite/tensorflow/lite/kernels/internal/reference/broadcast_to.h:24:6:void tflite::reference_ops::BroadcastImpl(const tflite::NdArrayDesc<N>&, const char*, const tflite::NdArrayDesc<N>&, char*, int*, int, int, int) [with int N = 5]	64	static
../tflite/tensorflow/lite/micro/kernels/broadcast_to.cc:105:14:TfLiteStatus tflite::{anonymous}::BroadcastToEval(TfLiteContext*, TfLiteNode*)	208	static
