../tflite/tensorflow/lite/micro/kernels/comparisons.cc:531:7:void* tflite::{anonymous}::Init(TfLiteContext*, const char*, size_t)	8	static
../tflite/tensorflow/lite/micro/kernels/comparisons.cc:536:14:TfLiteStatus tflite::{anonymous}::ComparisonsPrepare(TfLiteContext*, TfLiteNode*)	56	static
../tflite/tensorflow/lite/micro/kernels/comparisons.cc:582:18:TFLMRegistration tflite::Register_EQUAL()	16	static
../tflite/tensorflow/lite/micro/kernels/comparisons.cc:586:18:TFLMRegistration tflite::Register_NOT_EQUAL()	16	static
../tflite/tensorflow/lite/micro/kernels/comparisons.cc:590:18:TFLMRegistration tflite::Register_GREATER()	16	static
../tflite/tensorflow/lite/micro/kernels/comparisons.cc:594:18:TFLMRegistration tflite::Register_GREATER_EQUAL()	16	static
../tflite/tensorflow/lite/micro/kernels/comparisons.cc:598:18:TFLMRegistration tflite::Register_LESS()	16	static
../tflite/tensorflow/lite/micro/kernels/comparisons.cc:602:18:TFLMRegistration tflite::Register_LESS_EQUAL()	16	static
C:/Users/giorg/Desktop/opt_micro_tflite/opt_micro_tflite/tflite/tensorflow/lite/kernels/internal/reference/comparisons.h:159:13:void tflite::reference_ops::BroadcastComparison4DSlowWithScaling(const tflite::ComparisonParams&, const tflite::RuntimeShape&, const T*, const tflite::RuntimeShape&, const T*, const tflite::RuntimeShape&, bool*) [with T = signed char; bool (* F)(long int, long int) = tflite::reference_ops::EqualFn<long int>]	320	static
../tflite/tensorflow/lite/micro/kernels/comparisons.cc:36:14:TfLiteStatus tflite::{anonymous}::EqualEval(TfLiteContext*, TfLiteNode*)	640	static
C:/Users/giorg/Desktop/opt_micro_tflite/opt_micro_tflite/tflite/tensorflow/lite/kernels/internal/reference/comparisons.h:159:13:void tflite::reference_ops::BroadcastComparison4DSlowWithScaling(const tflite::ComparisonParams&, const tflite::RuntimeShape&, const T*, const tflite::RuntimeShape&, const T*, const tflite::RuntimeShape&, bool*) [with T = signed char; bool (* F)(long int, long int) = tflite::reference_ops::NotEqualFn<long int>]	320	static
../tflite/tensorflow/lite/micro/kernels/comparisons.cc:128:14:TfLiteStatus tflite::{anonymous}::NotEqualEval(TfLiteContext*, TfLiteNode*)	640	static
C:/Users/giorg/Desktop/opt_micro_tflite/opt_micro_tflite/tflite/tensorflow/lite/kernels/internal/reference/comparisons.h:159:13:void tflite::reference_ops::BroadcastComparison4DSlowWithScaling(const tflite::ComparisonParams&, const tflite::RuntimeShape&, const T*, const tflite::RuntimeShape&, const T*, const tflite::RuntimeShape&, bool*) [with T = signed char; bool (* F)(long int, long int) = tflite::reference_ops::GreaterFn<long int>]	320	static
../tflite/tensorflow/lite/micro/kernels/comparisons.cc:219:14:TfLiteStatus tflite::{anonymous}::GreaterEval(TfLiteContext*, TfLiteNode*)	544	static
C:/Users/giorg/Desktop/opt_micro_tflite/opt_micro_tflite/tflite/tensorflow/lite/kernels/internal/reference/comparisons.h:159:13:void tflite::reference_ops::BroadcastComparison4DSlowWithScaling(const tflite::ComparisonParams&, const tflite::RuntimeShape&, const T*, const tflite::RuntimeShape&, const T*, const tflite::RuntimeShape&, bool*) [with T = signed char; bool (* F)(long int, long int) = tflite::reference_ops::GreaterEqualFn<long int>]	320	static
../tflite/tensorflow/lite/micro/kernels/comparisons.cc:297:14:TfLiteStatus tflite::{anonymous}::GreaterEqualEval(TfLiteContext*, TfLiteNode*)	544	static
C:/Users/giorg/Desktop/opt_micro_tflite/opt_micro_tflite/tflite/tensorflow/lite/kernels/internal/reference/comparisons.h:159:13:void tflite::reference_ops::BroadcastComparison4DSlowWithScaling(const tflite::ComparisonParams&, const tflite::RuntimeShape&, const T*, const tflite::RuntimeShape&, const T*, const tflite::RuntimeShape&, bool*) [with T = signed char; bool (* F)(long int, long int) = tflite::reference_ops::LessFn<long int>]	320	static
../tflite/tensorflow/lite/micro/kernels/comparisons.cc:375:14:TfLiteStatus tflite::{anonymous}::LessEval(TfLiteContext*, TfLiteNode*)	544	static
C:/Users/giorg/Desktop/opt_micro_tflite/opt_micro_tflite/tflite/tensorflow/lite/kernels/internal/reference/comparisons.h:159:13:void tflite::reference_ops::BroadcastComparison4DSlowWithScaling(const tflite::ComparisonParams&, const tflite::RuntimeShape&, const T*, const tflite::RuntimeShape&, const T*, const tflite::RuntimeShape&, bool*) [with T = signed char; bool (* F)(long int, long int) = tflite::reference_ops::LessEqualFn<long int>]	320	static
../tflite/tensorflow/lite/micro/kernels/comparisons.cc:453:14:TfLiteStatus tflite::{anonymous}::LessEqualEval(TfLiteContext*, TfLiteNode*)	544	static
