C:/Users/giorg/Desktop/opt_micro_tflite/opt_micro_tflite/tflite/tensorflow/lite/kernels/internal/reference/mul.h:95:6:void tflite::reference_ops::BroadcastMulRecursiveDimensions(const tflite::ArithmeticParams&, int, const T*, const T*, T*, size_t*, size_t*, size_t*, const tflite::NdArrayDesc<6>&, const tflite::NdArrayDesc<6>&, const int32_t*, F) [with T = float; F = tflite::reference_ops::BroadcastMul6DSlow<float>(const tflite::ArithmeticParams&, const tflite::RuntimeShape&, const float*, const tflite::RuntimeShape&, const float*, const tflite::RuntimeShape&, float*)::<lambda(const tflite::ArithmeticParams&, float, float)>]	96	static
C:/Users/giorg/Desktop/opt_micro_tflite/opt_micro_tflite/tflite/tensorflow/lite/kernels/internal/reference/mul.h:95:6:void tflite::reference_ops::BroadcastMulRecursiveDimensions(const tflite::ArithmeticParams&, int, const T*, const T*, T*, size_t*, size_t*, size_t*, const tflite::NdArrayDesc<6>&, const tflite::NdArrayDesc<6>&, const int32_t*, F) [with T = long int; F = tflite::reference_ops::BroadcastMul6DSlow<long int>(const tflite::ArithmeticParams&, const tflite::RuntimeShape&, const long int*, const tflite::RuntimeShape&, const long int*, const tflite::RuntimeShape&, long int*)::<lambda(const tflite::ArithmeticParams&, long int, long int)>]	96	static
../tflite/tensorflow/lite/micro/kernels/mul_common.cc:33:7:void* tflite::MulInit(TfLiteContext*, const char*, size_t)	8	static
../tflite/tensorflow/lite/micro/kernels/mul_common.cc:38:14:TfLiteStatus tflite::CalculateOpDataMul(TfLiteContext*, TfLiteNode*, TfLiteMulParams*, tflite::OpDataMul*)	72	static
../tflite/tensorflow/lite/micro/kernels/mul_common.cc:92:14:TfLiteStatus tflite::MulPrepare(TfLiteContext*, TfLiteNode*)	8	static
C:/Users/giorg/Desktop/opt_micro_tflite/opt_micro_tflite/tflite/tensorflow/lite/kernels/internal/common.h:1082:22:void tflite::CopyDimsToDesc(const tflite::RuntimeShape&, tflite::NdArrayDesc<N>*) [with int N = 6]	8	static
../tflite/tensorflow/lite/micro/kernels/mul_common.cc:182:6:void tflite::EvalMulFloatReference(TfLiteContext*, TfLiteNode*, TfLiteMulParams*, const tflite::OpDataMul*, const TfLiteEvalTensor*, const TfLiteEvalTensor*, TfLiteEvalTensor*)	656	static
../tflite/tensorflow/lite/micro/kernels/mul_common.cc:102:14:TfLiteStatus tflite::EvalMulQuantizedReference(TfLiteContext*, TfLiteNode*, const tflite::OpDataMul*, const TfLiteEvalTensor*, const TfLiteEvalTensor*, TfLiteEvalTensor*)	1520	static
