../tflite/tensorflow/lite/micro/kernels/tanh.cc:44:7:void* tflite::{anonymous}::TanhInit(TfLiteContext*, const char*, size_t)	8	static
../tflite/tensorflow/lite/micro/kernels/tanh.cc:134:14:TfLiteStatus tflite::{anonymous}::TanhPrepare(TfLiteContext*, TfLiteNode*)	88	static
../tflite/tensorflow/lite/micro/kernels/tanh.cc:195:18:TFLMRegistration tflite::Register_TANH()	16	static
C:/Users/giorg/Desktop/opt_micro_tflite/opt_micro_tflite/tflite/third_party/gemmlowp/fixedpoint/fixedpoint.h:795:25:gemmlowp::FixedPoint<tRawType, 0> gemmlowp::one_minus_x_over_one_plus_x_for_x_in_0_1(gemmlowp::FixedPoint<tRawType, 0>) [with tRawType = long int]	12	static
C:/Users/giorg/Desktop/opt_micro_tflite/opt_micro_tflite/tflite/third_party/gemmlowp/fixedpoint/fixedpoint.h:721:25:gemmlowp::FixedPoint<tRawType, 0> gemmlowp::exp_on_interval_between_negative_one_quarter_and_0_excl(gemmlowp::FixedPoint<tRawType, 0>) [with tRawType = long int]	16	static
C:/Users/giorg/Desktop/opt_micro_tflite/opt_micro_tflite/tflite/third_party/gemmlowp/fixedpoint/fixedpoint.h:746:25:gemmlowp::FixedPoint<tRawType, 0> gemmlowp::exp_on_negative_values(gemmlowp::FixedPoint<tRawType, tIntegerBits_a>) [with tRawType = long int; int tIntegerBits = 5]	16	static
../tflite/tensorflow/lite/micro/kernels/tanh.cc:150:14:TfLiteStatus tflite::{anonymous}::TanhEval(TfLiteContext*, TfLiteNode*)	232	static
